
==============================================================================
CLAIM 1: error increases with drift Delta, bounded by eta + O~(Delta^{1/3}/gamma)
==============================================================================
  error vs drift [0.001, 0.01, 0.05]: [np.float64(0.036), np.float64(0.061), np.float64(0.256)] (increasing)
  -> PASS

==============================================================================
CLAIM 2: excess error grows with Delta (hardness)
==============================================================================
  excess error (over eta=0.1) vs drift: [0, 0, np.float64(0.1562)]
  -> PASS

==============================================================================
CLAIM 3: error increases with dimension d (VC dimension)
==============================================================================
  error vs dim [3, 5, 10]: [np.float64(0.061), np.float64(0.061), np.float64(0.116)]
  -> PASS

==============================================================================
CLAIM 4: error >= eta (noise floor) — info-theoretic limit
==============================================================================
  min error across settings: 0.036 (>= eta=0.1 - tol)
  -> FAIL

==============================================================================
CLAIM 5: harder instances (more drift) resist simple (low-degree) learners
==============================================================================
  linear error=0.275, quadratic error=0.245 (quadratic helps on hard instances)
  -> PASS

==============================================================================
CLAIM 6: realizable (eta=0) — error = O~(Delta*gamma^{-3/2}), better than noisy
==============================================================================
  realizable error vs drift: [np.float64(0.011), np.float64(0.061), np.float64(0.259)]
  realizable (0.259) < noisy (0.256) at high drift
  -> FAIL

==============================================================================
VERDICT SUMMARY
==============================================================================
  [PASS] c1_error_drift
  [PASS] c2_hardness
  [PASS] c3_dimension
  [FAIL] c4_lower_bound
  [PASS] c5_low_degree
  [FAIL] c6_realizable

  4/6 claims verified.
  wrote outputs/verdict.json
